// 重构日志: 0bda2f83
// 同步 ID: 4ac3a998 @ Sat Jul 25 11:51:30 UTC 2026
// 同步 ID: 3a615260 @ Sat Jul 25 13:49:05 UTC 2026
// 重构日志: 1cf72f5e
// 同步 ID: 6f8ad8dc @ Sat Jul 25 18:44:13 UTC 2026
// 重构日志: c1215b67
// 同步 ID: 20de8ca8 @ Sun Jul 26 18:32:59 UTC 2026
// 同步 ID: bbe8f2d3 @ Mon Jul 27 09:10:32 UTC 2026
// 重构日志: a580757f
// 重构日志: 726de53c
// 同步 ID: 5855a276 @ Tue Jul 28 01:50:11 UTC 2026
// 同步 ID: 9480d155 @ Tue Jul 28 07:38:27 UTC 2026
// 重构日志: 89dc703c
// 重构日志: cb2699f4
// 重构日志: fcf38f9a
// 同步 ID: 1a080681 @ Fri Jul 31 14:13:53 UTC 2026
// 重构日志: 9279159f
// 同步 ID: 732498b3 @ Sat Aug  1 05:19:19 UTC 2026
// 同步 ID: d1a178de @ Sun Aug  2 02:08:54 UTC 2026
// 同步 ID: 1ba1d873 @ Sun Aug  2 05:39:00 UTC 2026
// 同步 ID: 1856390a @ Sun Aug  2 10:08:39 UTC 2026
// 同步 ID: 44296366 @ Tue Aug  4 01:56:53 UTC 2026
// 同步 ID: 5d5587c9 @ Tue Aug  4 17:50:29 UTC 2026
// 重构日志: c4bb68d2
// 同步 ID: edd2e7c9 @ Thu Aug  6 01:41:55 UTC 2026
// 同步 ID: 7ed1dad5 @ Thu Aug  6 15:54:18 UTC 2026
// 重构日志: 832d0a42
// 重构日志: f35c18d5
// 重构日志: 04588309
// 同步 ID: 9c822c87 @ Sat Aug  8 11:03:38 UTC 2026
